[info] Log at : 2026/7/9|23:37:38|GMT+0800

[info] Log at : 2026/7/9|23:37:41|GMT+0800

[info] Log at : 2026/7/9|23:40:09|GMT+0800

[info] Log at : 2026/7/9|23:40:41|GMT+0800

[info] Log at : 2026/7/10|23:31:43|GMT+0800

[Warn] 发现无效的文件组，Group: USER
[Warn] 发现无效的文件组，Group: ::CMSIS
[info] Log at : 2026/7/10|23:44:06|GMT+0800

[Warn] 发现无效的文件组，Group: ::CMSIS
[Warn] 发现无效的文件组，Group: ::Device
[Warn] 发现无效的文件组，Group: ::CMSIS
[Warn] 发现无效的文件组，Group: ::Device
[Warn] 发现无效的文件组，Group: ::CMSIS
[Warn] 发现无效的文件组，Group: ::Device
[Warn] 发现无效的文件组，Group: ::CMSIS
[Warn] 发现无效的文件组，Group: ::Device
[Warn] 发现无效的文件组，Group: ::CMSIS
[Warn] 发现无效的文件组，Group: ::Device
[Warn] 发现无效的文件组，Group: ::CMSIS
[Warn] 发现无效的文件组，Group: ::Device
[Warn] 发现无效的文件组，Group: ::CMSIS
[Warn] 发现无效的文件组，Group: ::Device
[info] Log at : 2026/7/11|00:51:01|GMT+0800

[Warn] 发现无效的文件组，Group: ::CMSIS
[Warn] 发现无效的文件组，Group: ::Device
[info] Log at : 2026/7/11|23:10:40|GMT+0800

[Warn] 发现无效的文件组，Group: ::CMSIS
[Warn] 发现无效的文件组，Group: ::Device
[Warn] 发现无效的文件组，Group: ::CMSIS
[Warn] 发现无效的文件组，Group: ::Device
[info] project closed: 01_GPIO
[info] Log at : 2026/7/11|23:29:07|GMT+0800

[Warn] 发现无效的文件组，Group: ::CMSIS
[Warn] 发现无效的文件组，Group: ::Device
[Warn] 发现无效的文件组，Group: ::CMSIS
[Warn] 发现无效的文件组，Group: ::Device
[Warn] 发现无效的文件组，Group: ::CMSIS
[Warn] 发现无效的文件组，Group: ::Device
[info] Log at : 2026/7/11|23:52:38|GMT+0800

[Warn] 发现无效的文件组，Group: ::CMSIS
[Warn] 发现无效的文件组，Group: ::Device
[info] Log at : 2026/7/12|00:28:49|GMT+0800

[Warn] 发现无效的文件组，Group: ::CMSIS
[Warn] 发现无效的文件组，Group: ::Device
